{"jsonrpc": "2.0", "id": 1, "result": {"capabilities": {"textDocumentSync": {"openClose": true, "change": 1}, "completionProvider": {"triggerCharacters": [".", ":", "<"], "resolveProvider": false}, "hoverProvider": true, "definitionProvider": true, "documentSymbolProvider": true, "referencesProvider": true, "renameProvider": {"prepareProvider": true}, "documentFormattingProvider": true, "documentRangeFormattingProvider": true, "documentHighlightProvider": true, "codeActionProvider": true}, "serverInfo": {"name": "flow-lsp", "version": "0.3.0"}}}
{"jsonrpc": "2.0", "method": "textDocument/publishDiagnostics", "params": {"uri": "file:///t/messy.flow", "diagnostics": []}}
{"jsonrpc": "2.0", "id": 2, "result": [{"range": {"start": {"line": 0, "character": 0}, "end": {"line": 11, "character": 0}}, "newText": "function add(a: i32, b: i32) -> i32 {\n    return a + b\n}\n\nstruct P { x: f64, y: f64 }\nfunction main() -> i32 {\n    let mut s: i32 = 0\n    for i in 0 to 3 {\n        s = s + add(i, 1)\n    }\n    if s > 2 { return 1 } else { return 0 }\n}\n"}]}
{"jsonrpc": "2.0", "id": 3, "result": [{"range": {"start": {"line": 0, "character": 0}, "end": {"line": 11, "character": 0}}, "newText": "function add(a: i32, b: i32) -> i32 {\n    return a + b\n}\n\nstruct P { x: f64, y: f64 }\nfunction main() -> i32 {\n    let mut s: i32 = 0\n    for i in 0 to 3 {\n        s = s + add(i, 1)\n    }\n    if s > 2 { return 1 } else { return 0 }\n}\n"}]}
{"jsonrpc": "2.0", "method": "textDocument/publishDiagnostics", "params": {"uri": "file:///t/broken.flow", "diagnostics": [{"range": {"start": {"line": 2, "character": 0}, "end": {"line": 2, "character": 1}}, "severity": 1, "source": "flow-parser", "message": "parse error: unexpected end of file"}]}}
{"jsonrpc": "2.0", "id": 4, "result": []}
{"jsonrpc": "2.0", "method": "textDocument/publishDiagnostics", "params": {"uri": "file:///t/clean.flow", "diagnostics": []}}
{"jsonrpc": "2.0", "id": 5, "result": []}
{"jsonrpc": "2.0", "method": "textDocument/publishDiagnostics", "params": {"uri": "file:///t/params.flow", "diagnostics": []}}
{"jsonrpc": "2.0", "id": 6, "result": []}
{"jsonrpc": "2.0", "method": "textDocument/publishDiagnostics", "params": {"uri": "file:///t/messy_comments.flow", "diagnostics": []}}
{"jsonrpc": "2.0", "id": 10, "result": [{"range": {"start": {"line": 0, "character": 0}, "end": {"line": 11, "character": 0}}, "newText": "# Scale a sum.\nfunction scaled(a: i32, b: i32) -> i32 {\n    let s: i32 = (a + b) * 2   # keep the parens\n    if s > 10 {\n        return s\n    }\n\n    return 0\n}\n"}]}
{"jsonrpc": "2.0", "method": "textDocument/publishDiagnostics", "params": {"uri": "file://@ROOT@/examples/basics/fibonacci.flow", "diagnostics": []}}
{"jsonrpc": "2.0", "id": 7, "result": []}
{"jsonrpc": "2.0", "method": "textDocument/publishDiagnostics", "params": {"uri": "file://@ROOT@/examples/basics/gcd.flow", "diagnostics": []}}
{"jsonrpc": "2.0", "id": 8, "result": []}
{"jsonrpc": "2.0", "id": 9, "result": null}
