{"jsonrpc": "2.0", "id": 1, "result": {"capabilities": {"textDocumentSync": {"openClose": true, "change": 1}, "completionProvider": {"triggerCharacters": [".", ":", "<"], "resolveProvider": false}, "hoverProvider": true, "definitionProvider": true, "documentSymbolProvider": true, "referencesProvider": true, "renameProvider": {"prepareProvider": true}, "documentFormattingProvider": true, "documentRangeFormattingProvider": true, "documentHighlightProvider": true, "codeActionProvider": true}, "serverInfo": {"name": "flow-lsp", "version": "0.3.0"}}}
{"jsonrpc": "2.0", "method": "textDocument/publishDiagnostics", "params": {"uri": "file:///t/pipe.flow", "diagnostics": [{"range": {"start": {"line": 0, "character": 0}, "end": {"line": 0, "character": 2}}, "severity": 1, "source": "flow-parser", "message": "parse error: unexpected identifier 'xs'"}]}}
{"jsonrpc": "2.0", "id": 2, "result": {"contents": {"kind": "markdown", "value": "**`|>`** - pipe / pipeline operator.\n\nFeeds the left-hand value into the right-hand call or declarative form.\n\n```flow\nxs |> sort\nxs |> sortBy [desc .score, asc .name]\nvalue |> abs\n```\nSee docs/language/syntax.md (and docs/language/ordering.md when present)."}}}
{"jsonrpc": "2.0", "id": 3, "result": {"contents": {"kind": "markdown", "value": "**`|>`** - pipe / pipeline operator.\n\nFeeds the left-hand value into the right-hand call or declarative form.\n\n```flow\nxs |> sort\nxs |> sortBy [desc .score, asc .name]\nvalue |> abs\n```\nSee docs/language/syntax.md (and docs/language/ordering.md when present)."}}}
{"jsonrpc": "2.0", "id": 4, "result": {"contents": {"kind": "markdown", "value": "**`sort`** - declarative ordering (Phase 1).\n\n```flow\nxs |> sort\nxs |> sort descending\nxs |> sort by .score\nxs |> sortBy [desc .score, asc .name]\n```\nIn-place on `array<T, N>`. See docs/language/ordering.md."}}}
{"jsonrpc": "2.0", "id": 5, "result": null}
{"jsonrpc": "2.0", "method": "textDocument/publishDiagnostics", "params": {"uri": "file:///t/match.flow", "diagnostics": [{"range": {"start": {"line": 2, "character": 16}, "end": {"line": 2, "character": 17}}, "severity": 1, "source": "flow-parser", "message": "parse error: unexpected token '=>'"}]}}
{"jsonrpc": "2.0", "id": 6, "result": {"contents": {"kind": "markdown", "value": "**`match`** - pattern matching on a value.\n\n```flow\nmatch day {\n    1 => print(\"Mon\")\n    default => print(\"other\")\n}\n```\nSee docs/language/syntax.md."}}}
{"jsonrpc": "2.0", "id": 7, "result": {"contents": {"kind": "markdown", "value": "**`default`** - catch-all arm in a `match`.\n\n```flow\nmatch x {\n    0 => 1\n    default => x\n}\n```"}}}
{"jsonrpc": "2.0", "id": 8, "result": {"contents": {"kind": "markdown", "value": "**`=>`** - match-arm / closure arrow.\n\n```flow\nmatch x {\n    0 => print(\"zero\")\n    default => print(\"other\")\n}\n```\nSee docs/language/syntax.md."}}}
{"jsonrpc": "2.0", "id": 9, "result": null}
{"jsonrpc": "2.0", "method": "textDocument/publishDiagnostics", "params": {"uri": "file:///t/docfn.flow", "diagnostics": []}}
{"jsonrpc": "2.0", "id": 10, "result": {"contents": {"kind": "markdown", "value": "```flow\nfunction double(x: i32) -> i32\n```\n\nDouble the input value\nUsed by tests\n\n*typechecked function:* `(i32) -> i32`"}}}
{"jsonrpc": "2.0", "id": 11, "result": {"contents": {"kind": "markdown", "value": "**`function`** - declare a function.\n\n```flow\nfunction add(a: i32, b: i32) -> i32 {\n    return a + b\n}\n```\nSee docs/language/functions.md."}}}
{"jsonrpc": "2.0", "id": 12, "result": {"contents": {"kind": "markdown", "value": "**`i32`** - signed 32-bit integer.\n\nSee docs/language/types.md."}}}
{"jsonrpc": "2.0", "id": 13, "result": {"contents": {"kind": "markdown", "value": "**`->`** - function return type or effect/sense binding arrow.\n\n```flow\nfunction add(a: i32, b: i32) -> i32 { return a + b }\ncontrollable -> plant_ok\n```\nSee docs/language/functions.md."}}}
{"jsonrpc": "2.0", "id": 14, "result": {"contents": {"kind": "markdown", "value": "```flow\nx: i32\n```\n\nParameter *(typechecked)* in `double`"}}}
{"jsonrpc": "2.0", "method": "textDocument/publishDiagnostics", "params": {"uri": "file:///t/params.flow", "diagnostics": []}}
{"jsonrpc": "2.0", "id": 15, "result": {"contents": {"kind": "markdown", "value": "```flow\na: i32\n```\n\nParameter *(typechecked)* in `add`"}}}
{"jsonrpc": "2.0", "id": 16, "result": {"contents": {"kind": "markdown", "value": "```flow\nlet mut total: i32\n```\n\nLocal variable *(typechecked)* in `add`"}}}
{"jsonrpc": "2.0", "id": 17, "result": {"contents": {"kind": "markdown", "value": "```flow\nfunction add(a: i32, b: i32) -> i32\n```\n\n*typechecked function:* `(i32, i32) -> i32`"}}}
{"jsonrpc": "2.0", "method": "textDocument/publishDiagnostics", "params": {"uri": "file:///t/shadow_sort.flow", "diagnostics": []}}
{"jsonrpc": "2.0", "id": 18, "result": {"contents": {"kind": "markdown", "value": "```flow\nsort: i32\n```\n\nParameter *(typechecked)* in `pick`"}}}
{"jsonrpc": "2.0", "method": "textDocument/publishDiagnostics", "params": {"uri": "file:///t/const_effect.flow", "diagnostics": []}}
{"jsonrpc": "2.0", "id": 19, "result": {"contents": {"kind": "markdown", "value": "```flow\nconst G: f64\n```\n\nGravity"}}}
{"jsonrpc": "2.0", "id": 20, "result": {"contents": {"kind": "markdown", "value": "```flow\neffect State { get() }\n```"}}}
{"jsonrpc": "2.0", "method": "textDocument/publishDiagnostics", "params": {"uri": "file:///t/field.flow", "diagnostics": []}}
{"jsonrpc": "2.0", "id": 21, "result": {"contents": {"kind": "markdown", "value": "```flow\nx: f32\n```\n\nField of `Point` (receiver `p: Point`)"}}}
{"jsonrpc": "2.0", "id": 22, "result": {"contents": {"kind": "markdown", "value": "```flow\nlet p: Point\n```\n\nLocal variable *(typechecked)* in `main`"}}}
{"jsonrpc": "2.0", "id": 23, "result": {"contents": {"kind": "markdown", "value": "```flow\nstruct Point {\n    x: f32\n    y: f32\n}\n```"}}}
{"jsonrpc": "2.0", "method": "textDocument/publishDiagnostics", "params": {"uri": "file:///t/typed_local.flow", "diagnostics": []}}
{"jsonrpc": "2.0", "id": 24, "result": {"contents": {"kind": "markdown", "value": "```flow\nlet m: i32\n```\n\nLocal variable *(typechecked)* in `main`"}}}
{"jsonrpc": "2.0", "method": "textDocument/publishDiagnostics", "params": {"uri": "file:///t/stdlib_add.flow", "diagnostics": [{"range": {"start": {"line": 1, "character": 11}, "end": {"line": 1, "character": 14}}, "severity": 2, "source": "flow-typecheck", "message": "unbound call 'add'"}]}}
{"jsonrpc": "2.0", "id": 25, "result": {"contents": {"kind": "markdown", "value": "```flow\nfunction add(a: i32, b: i32) -> i32\n```"}}}
{"jsonrpc": "2.0", "method": "textDocument/publishDiagnostics", "params": {"uri": "file:///t/sin_call.flow", "diagnostics": []}}
{"jsonrpc": "2.0", "id": 26, "result": {"contents": {"kind": "markdown", "value": "```flow\nfunction sin(x: f64) -> f64\n```\n\nSine of x (radians). Intrinsic in MLIR; stub returns 0 in C fallback.\n\n*stdlib:* `lib/stdlib/math.flow`"}}}
{"jsonrpc": "2.0", "method": "textDocument/publishDiagnostics", "params": {"uri": "file:///t/clean.flow", "diagnostics": []}}
{"jsonrpc": "2.0", "id": 27, "result": {"contents": {"kind": "markdown", "value": "```flow\nfunction sqrt(x: f64) -> f64\n```\n\nSquare root of x. Intrinsic in MLIR; stub returns 0 in C fallback.\nDomain: x >= 0 for real results.\n\n*stdlib:* `lib/stdlib/math.flow`"}}}
{"jsonrpc": "2.0", "id": 28, "result": {"contents": {"kind": "markdown", "value": "```flow\nstruct Point {\n    x: f64\n    y: f64\n}\n```"}}}
{"jsonrpc": "2.0", "id": 29, "result": {"contents": {"kind": "markdown", "value": "```flow\nfunction norm(p: Point) -> f64\n```\n\n*typechecked function:* `(Point) -> f64`"}}}
{"jsonrpc": "2.0", "id": 30, "result": {"contents": {"kind": "markdown", "value": "```flow\nlet n: f64\n```\n\nLocal variable *(typechecked)* in `main`"}}}
{"jsonrpc": "2.0", "id": 31, "result": {"contents": {"kind": "markdown", "value": "```flow\nx: f64\n```\n\nField of `Point` (receiver `p: Point`)"}}}
{"jsonrpc": "2.0", "method": "textDocument/publishDiagnostics", "params": {"uri": "file:///t/attr.flow", "diagnostics": []}}
{"jsonrpc": "2.0", "id": 32, "result": {"contents": {"kind": "markdown", "value": "**`@gpu`** - mark a function as a GPU kernel / offload candidate.\n\n```flow\n@gpu\nfunction saxpy(n: i32, a: f32, x: ptr<f32>, y: ptr<f32>) -> void { ... }\n```\nSee docs/tutorials/advanced.md."}}}
{"jsonrpc": "2.0", "id": 33, "result": {"contents": {"kind": "markdown", "value": "**`@gpu`** - mark a function as a GPU kernel / offload candidate.\n\n```flow\n@gpu\nfunction saxpy(n: i32, a: f32, x: ptr<f32>, y: ptr<f32>) -> void { ... }\n```\nSee docs/tutorials/advanced.md."}}}
{"jsonrpc": "2.0", "id": 34, "result": {"contents": {"kind": "markdown", "value": "**`@lifetime(D)`** - lifetime domain: `callback`, `frame`, `session` or `application`, shortest-lived first. Goes on a function (the domain its frame runs in) or a module static (the domain of that storage, default `application`).\n\n```flow\n@lifetime(callback)\nfunction process(input: span<f32>) -> f32 { ... }\n```\n`callback` implies `@rt_safe`; `frame` forbids heap create/destroy but allows bumping an arena. A longer-lived domain may not hold a reference to a shorter-lived one.\n\nSee docs/language/lifetime-domains.md."}}}
{"jsonrpc": "2.0", "id": 35, "result": {"contents": {"kind": "markdown", "value": "**`vec`** - short vector type (SIMD / graphics).\n\nSee docs/language/types.md and docs/language/graphics.md."}}}
{"jsonrpc": "2.0", "method": "textDocument/publishDiagnostics", "params": {"uri": "file:///t/dsl.flow", "diagnostics": [{"range": {"start": {"line": 0, "character": 0}, "end": {"line": 0, "character": 3}}, "severity": 1, "source": "flow-parser", "message": "parse error: unexpected identifier 'dyn'"}]}}
{"jsonrpc": "2.0", "id": 36, "result": {"contents": {"kind": "markdown", "value": "**`dsys`** - declare a linear plant (dynamics DSL).\n\n```flow\ndyn.dsys plant {\n    discrete   # or continuous\n    dt 0.1\n    n 2 m 1 p 1\n    A 1.0 0.1 0.0 1.0\n    B 0.0 0.1\n    C 1.0 0.0\n}\n```\nPrefixed form: `dyn.dsys` / `dynamics.dsys`. See docs/language/dynamics-dsl.md."}}}
{"jsonrpc": "2.0", "id": 37, "result": {"contents": {"kind": "markdown", "value": "**`dyn.`** - short namespace prefix for dynamics DSL constructs (`dyn.dsys`, `dyn.horizon`, `dyn.sense`, `dyn.ga`, `dyn.closed`, `dyn.analyze`, `dyn.wfc`)."}}}
{"jsonrpc": "2.0", "id": 38, "result": {"contents": {"kind": "markdown", "value": "Plant is discrete-time: `x[k+1] = A x[k] + B u[k]`."}}}
{"jsonrpc": "2.0", "id": 39, "result": {"contents": {"kind": "markdown", "value": "**`sortBy`** - multi-key ordering alias for `sort by [...]`.\n\n```flow\nxs |> sortBy [asc .score, asc .name]\n```"}}}
{"jsonrpc": "2.0", "id": 40, "result": {"contents": {"kind": "markdown", "value": "`desc .field` - descending key in a sort key list."}}}
{"jsonrpc": "2.0", "id": 41, "result": {"contents": {"kind": "markdown", "value": "**`for`** - counted loop (`for i in lo to hi` / `step`).\n\n```flow\nfor i in 0 to 10 {\n    print(i)\n}\nfor i in 0 to 10 step 2 { }\n```\nSee docs/language/syntax.md."}}}
{"jsonrpc": "2.0", "id": 42, "result": null}
{"jsonrpc": "2.0", "id": 43, "result": null}
{"jsonrpc": "2.0", "id": 44, "result": {"contents": {"kind": "markdown", "value": "```flow\nfunction print(value: any) -> void\n```\n\nPrint a value to stdout."}}}
{"jsonrpc": "2.0", "id": 45, "result": {"contents": {"kind": "markdown", "value": "**`array<T, N>`** - fixed-size array type.\n\n```flow\nlet xs: array<i32, 4> = [1, 2, 3, 4]\n```\nSee docs/language/types.md."}}}
{"jsonrpc": "2.0", "method": "textDocument/publishDiagnostics", "params": {"uri": "file://@ROOT@/examples/packages/use_hello_lib/src/main.flow", "diagnostics": []}}
{"jsonrpc": "2.0", "id": 46, "result": {"contents": {"kind": "markdown", "value": "```flow\nfunction add(a: i32, b: i32) -> i32\n```\n\n*typechecked function:* `(i32, i32) -> i32`\n\n*imported from:* `file://@ROOT@/examples/packages/use_hello_lib/flow_packages/hello_lib/src/lib.flow`"}}}
{"jsonrpc": "2.0", "id": 47, "result": {"contents": {"kind": "markdown", "value": "```flow\nfunction greet(name: string) -> i32\n```\n\n*typechecked function:* `(string) -> i32`\n\n*imported from:* `file://@ROOT@/examples/packages/use_hello_lib/flow_packages/hello_lib/src/lib.flow`"}}}
{"jsonrpc": "2.0", "id": 48, "result": null}
{"jsonrpc": "2.0", "method": "textDocument/publishDiagnostics", "params": {"uri": "file://@ROOT@/lib/stdlib/math.flow", "diagnostics": []}}
{"jsonrpc": "2.0", "id": 49, "result": {"contents": {"kind": "markdown", "value": "```flow\nfunction add(a: f32, b: f32) -> f32\n```\n\nAdd two f32 values: a + b.\n\n*typechecked function:* `(f32, f32) -> f32`"}}}
{"jsonrpc": "2.0", "id": 50, "result": {"contents": {"kind": "markdown", "value": "```flow\na: f32\n```\n\nParameter *(typechecked)* in `add`"}}}
{"jsonrpc": "2.0", "id": 51, "result": null}
