{"jsonrpc": "2.0", "id": 1, "result": {"capabilities": {"textDocumentSync": {"openClose": true, "change": 1}, "completionProvider": {"triggerCharacters": [".", ":", "<"], "resolveProvider": false}, "hoverProvider": true, "definitionProvider": true, "documentSymbolProvider": true, "referencesProvider": true, "renameProvider": {"prepareProvider": true}, "documentFormattingProvider": true, "documentRangeFormattingProvider": true, "documentHighlightProvider": true, "codeActionProvider": true}, "serverInfo": {"name": "flow-lsp", "version": "0.3.0"}}}
{"jsonrpc": "2.0", "method": "textDocument/publishDiagnostics", "params": {"uri": "file://@ROOT@/tests/fixtures/modules/consumer_reexport.flow", "diagnostics": []}}
{"jsonrpc": "2.0", "id": 2, "result": {"contents": {"kind": "markdown", "value": "```flow\nfunction alpha_one() -> i32\n```\n\n*imported from:* `file://@ROOT@/tests/fixtures/modules/testlib/alpha.flow`"}}}
{"jsonrpc": "2.0", "id": 3, "result": {"uri": "file://@ROOT@/tests/fixtures/modules/testlib/alpha.flow", "range": {"start": {"line": 2, "character": 16}, "end": {"line": 2, "character": 25}}}}
{"jsonrpc": "2.0", "id": 4, "result": {"uri": "file://@ROOT@/tests/fixtures/modules/testlib/beta.flow", "range": {"start": {"line": 2, "character": 16}, "end": {"line": 2, "character": 24}}}}
{"jsonrpc": "2.0", "id": 5, "result": {"uri": "file://@ROOT@/tests/fixtures/modules/testlib/agg.flow", "range": {"start": {"line": 8, "character": 16}, "end": {"line": 8, "character": 23}}}}
{"jsonrpc": "2.0", "id": 6, "result": {"contents": {"kind": "markdown", "value": "```flow\nfunction agg_own() -> i32\n```\n\n*imported from:* `file://@ROOT@/tests/fixtures/modules/testlib/agg.flow`"}}}
{"jsonrpc": "2.0", "id": 7, "result": [{"name": "main", "kind": 12, "detail": "function", "range": {"start": {"line": 4, "character": 0}, "end": {"line": 4, "character": 13}}, "selectionRange": {"start": {"line": 4, "character": 0}, "end": {"line": 4, "character": 4}}}]}
{"jsonrpc": "2.0", "method": "textDocument/publishDiagnostics", "params": {"uri": "file://@ROOT@/tests/fixtures/modules/consumer_reexport_chain.flow", "diagnostics": []}}
{"jsonrpc": "2.0", "id": 8, "result": {"uri": "file://@ROOT@/tests/fixtures/modules/testlib/alpha.flow", "range": {"start": {"line": 2, "character": 16}, "end": {"line": 2, "character": 25}}}}
{"jsonrpc": "2.0", "id": 9, "result": {"contents": {"kind": "markdown", "value": "```flow\nfunction beta_one() -> i32\n```\n\n*imported from:* `file://@ROOT@/tests/fixtures/modules/testlib/beta.flow`"}}}
{"jsonrpc": "2.0", "id": 10, "result": null}
