struct D1 { x: f64 }
@flow_api function D1_new() -> D1 { let mut __self: D1 = D1 { x: 0.0 }; D1_init(&__self); return __self; }
@flow_api function D1_init(self: ptr<D1>) -> void { self.x = 0.0; }
@flow_api function D1_derivs(self: ptr<D1>) -> void { } @flow_api function D1_step(self: ptr<D1>, dt: f64) -> void { } @flow_api function D1_default_dt() -> f64 { return 1e-09; }
struct D2 { x: f64 }
@flow_api function D2_new() -> D2 { let mut __self: D2 = D2 { x: 0.0 }; D2_init(&__self); return __self; }
@flow_api function D2_init(self: ptr<D2>) -> void { self.x = 0.0; }
@flow_api function D2_derivs(self: ptr<D2>) -> void { } @flow_api function D2_step(self: ptr<D2>, dt: f64) -> void { } @flow_api function D2_default_dt() -> f64 { return 1e-05; }
struct D3 { x: f64 }
@flow_api function D3_new() -> D3 { let mut __self: D3 = D3 { x: 0.0 }; D3_init(&__self); return __self; }
@flow_api function D3_init(self: ptr<D3>) -> void { self.x = 0.0; }
@flow_api function D3_derivs(self: ptr<D3>) -> void { } @flow_api function D3_step(self: ptr<D3>, dt: f64) -> void { } @flow_api function D3_default_dt() -> f64 { return 120.0; }
struct D4 { x: f64 }
@flow_api function D4_new() -> D4 { let mut __self: D4 = D4 { x: 0.0 }; D4_init(&__self); return __self; }
@flow_api function D4_init(self: ptr<D4>) -> void { self.x = 0.0; }
@flow_api function D4_derivs(self: ptr<D4>) -> void { } @flow_api function D4_step(self: ptr<D4>, dt: f64) -> void { } @flow_api function D4_default_dt() -> f64 { return 1.0; }
struct D5 { x: f64, __every_0_acc: i64 }
@flow_api function D5_new() -> D5 { let mut __self: D5 = D5 { x: 0.0, __every_0_acc: 0 }; D5_init(&__self); return __self; }
@flow_api function D5_init(self: ptr<D5>) -> void { self.x = 0.0; self.__every_0_acc = 0; }
@flow_api function D5_derivs(self: ptr<D5>) -> void { }
@flow_api function D5_step(self: ptr<D5>, dt: f64) -> void { let __dt_ns: i64 = ((dt * 1000000000.0) as i64); self.__every_0_acc = self.__every_0_acc + __dt_ns; let mut __every_0_n: i64 = 0; while self.__every_0_acc >= 250000000 && __every_0_n < 1024 { self.__every_0_acc = self.__every_0_acc - 250000000; __every_0_n = __every_0_n + 1; let __tick_0_x: f64 = self.x + 1.0; self.x = __tick_0_x; } } @flow_api function D5_default_dt() -> f64 { return 0.016; }
struct D6 { x: f64 }
@flow_api function D6_new() -> D6 { let mut __self: D6 = D6 { x: 0.0 }; D6_init(&__self); return __self; }
@flow_api function D6_init(self: ptr<D6>) -> void { self.x = 0.0; }
@flow_api function D6_derivs(self: ptr<D6>) -> void { } @flow_api function D6_step(self: ptr<D6>, dt: f64) -> void { } @flow_api function D6_default_dt() -> f64 { return 123456789.0; }
