HEARTBEAT every 41250 ms
GATEWAY SEND {"op":2,"d":{"token":"<token>","intents":3,"properties":{"os":"linux","browser":"flow-discord-welcome","device":"flow-discord-welcome"}}}
REST POST /api/v10/channels/555/messages {"content":"Welcome <@123456789012345678> to Flow. New here? Drop a note in #introductions so folks know what brought you in."}
GATEWAY SEND {"op":1,"d":3}
RECONNECT resume
HEARTBEAT every 41250 ms
GATEWAY SEND {"op":6,"d":{"token":"<token>","session_id":"a1b2c3d4","seq":3}}
REST POST /api/v10/channels/555/messages {"content":"Welcome <@222>. The Flow discord server is happy to have you. Check #announcements for the latest release."}
RECONNECT identify
HEARTBEAT every 45000 ms
GATEWAY SEND {"op":2,"d":{"token":"<token>","intents":3,"properties":{"os":"linux","browser":"flow-discord-welcome","device":"flow-discord-welcome"}}}
