INFO discord.client: logging in using static token
INFO discord.gateway: Shard ID None has connected to Gateway (Session ID: a1b2c3d4).
INFO discord-welcome: Logged in as Flow Welcome#4821 (id=900000000000000001)
INFO discord-welcome: Watching guilds: ['Flow']
INFO discord-welcome: Welcome channel id: 555
INFO discord-welcome: Welcomed alice in Flow
INFO discord-welcome: Gateway asked for a reconnect
INFO discord.gateway: Shard ID None has successfully RESUMED session a1b2c3d4.
INFO discord-welcome: Welcomed bob "the" builder#0042 in Flow
WARNING discord-welcome: Welcome channel 555 not visible to the bot; skipping greet for carol
WARNING discord-welcome: Gateway session invalidated; reconnecting
